Archive member included to satisfy reference by file (symbol)

/usr/lib/gcc/arm-none-eabi/4.9.3/../../../arm-none-eabi/lib/armv6-m/libc.a(lib_a-atexit.o)
                              /usr/lib/gcc/arm-none-eabi/4.9.3/../../../arm-none-eabi/lib/armv6-m/crt0.o (atexit)
/usr/lib/gcc/arm-none-eabi/4.9.3/../../../arm-none-eabi/lib/armv6-m/libc.a(lib_a-exit.o)
                              /usr/lib/gcc/arm-none-eabi/4.9.3/../../../arm-none-eabi/lib/armv6-m/crt0.o (exit)
/usr/lib/gcc/arm-none-eabi/4.9.3/../../../arm-none-eabi/lib/armv6-m/libc.a(lib_a-fini.o)
                              /usr/lib/gcc/arm-none-eabi/4.9.3/../../../arm-none-eabi/lib/armv6-m/crt0.o (__libc_fini_array)
/usr/lib/gcc/arm-none-eabi/4.9.3/../../../arm-none-eabi/lib/armv6-m/libc.a(lib_a-impure.o)
                              /usr/lib/gcc/arm-none-eabi/4.9.3/../../../arm-none-eabi/lib/armv6-m/libc.a(lib_a-exit.o) (_global_impure_ptr)
/usr/lib/gcc/arm-none-eabi/4.9.3/../../../arm-none-eabi/lib/armv6-m/libc.a(lib_a-init.o)
                              /usr/lib/gcc/arm-none-eabi/4.9.3/../../../arm-none-eabi/lib/armv6-m/crt0.o (__libc_init_array)
/usr/lib/gcc/arm-none-eabi/4.9.3/../../../arm-none-eabi/lib/armv6-m/libc.a(lib_a-memset.o)
                              /usr/lib/gcc/arm-none-eabi/4.9.3/../../../arm-none-eabi/lib/armv6-m/crt0.o (memset)
/usr/lib/gcc/arm-none-eabi/4.9.3/../../../arm-none-eabi/lib/armv6-m/libc.a(lib_a-__atexit.o)
                              /usr/lib/gcc/arm-none-eabi/4.9.3/../../../arm-none-eabi/lib/armv6-m/libc.a(lib_a-atexit.o) (__register_exitproc)
/usr/lib/gcc/arm-none-eabi/4.9.3/../../../arm-none-eabi/lib/armv6-m/libc.a(lib_a-__call_atexit.o)
                              /usr/lib/gcc/arm-none-eabi/4.9.3/../../../arm-none-eabi/lib/armv6-m/libc.a(lib_a-exit.o) (__call_exitprocs)
/usr/lib/gcc/arm-none-eabi/4.9.3/armv6-m/libgcc.a(_udivsi3.o)
                              ./obj/system_stm32f0xx.o (__aeabi_uidiv)
/usr/lib/gcc/arm-none-eabi/4.9.3/armv6-m/libgcc.a(_dvmd_tls.o)
                              /usr/lib/gcc/arm-none-eabi/4.9.3/armv6-m/libgcc.a(_udivsi3.o) (__aeabi_idiv0)
/usr/lib/gcc/arm-none-eabi/4.9.3/../../../arm-none-eabi/lib/armv6-m/libnosys.a(_exit.o)
                              /usr/lib/gcc/arm-none-eabi/4.9.3/../../../arm-none-eabi/lib/armv6-m/libc.a(lib_a-exit.o) (_exit)

Discarded input sections

 .text          0x0000000000000000        0x0 /usr/lib/gcc/arm-none-eabi/4.9.3/armv6-m/crti.o
 .data          0x0000000000000000        0x0 /usr/lib/gcc/arm-none-eabi/4.9.3/armv6-m/crti.o
 .bss           0x0000000000000000        0x0 /usr/lib/gcc/arm-none-eabi/4.9.3/armv6-m/crti.o
 .data          0x0000000000000000        0x4 /usr/lib/gcc/arm-none-eabi/4.9.3/armv6-m/crtbegin.o
 .text          0x0000000000000000       0x6c /usr/lib/gcc/arm-none-eabi/4.9.3/../../../arm-none-eabi/lib/armv6-m/crt0.o
 .data          0x0000000000000000        0x0 /usr/lib/gcc/arm-none-eabi/4.9.3/../../../arm-none-eabi/lib/armv6-m/crt0.o
 .bss           0x0000000000000000        0x0 /usr/lib/gcc/arm-none-eabi/4.9.3/../../../arm-none-eabi/lib/armv6-m/crt0.o
 .ARM.extab     0x0000000000000000        0x0 /usr/lib/gcc/arm-none-eabi/4.9.3/../../../arm-none-eabi/lib/armv6-m/crt0.o
 .ARM.exidx     0x0000000000000000        0x8 /usr/lib/gcc/arm-none-eabi/4.9.3/../../../arm-none-eabi/lib/armv6-m/crt0.o
 .debug_line    0x0000000000000000       0x80 /usr/lib/gcc/arm-none-eabi/4.9.3/../../../arm-none-eabi/lib/armv6-m/crt0.o
 .debug_info    0x0000000000000000       0xa8 /usr/lib/gcc/arm-none-eabi/4.9.3/../../../arm-none-eabi/lib/armv6-m/crt0.o
 .debug_abbrev  0x0000000000000000       0x14 /usr/lib/gcc/arm-none-eabi/4.9.3/../../../arm-none-eabi/lib/armv6-m/crt0.o
 .debug_aranges
                0x0000000000000000       0x20 /usr/lib/gcc/arm-none-eabi/4.9.3/../../../arm-none-eabi/lib/armv6-m/crt0.o
 .ARM.attributes
                0x0000000000000000       0x1b /usr/lib/gcc/arm-none-eabi/4.9.3/../../../arm-none-eabi/lib/armv6-m/crt0.o
 .text          0x0000000000000000        0x0 /usr/lib/gcc/arm-none-eabi/4.9.3/../../../arm-none-eabi/lib/armv6-m/libc.a(lib_a-atexit.o)
 .data          0x0000000000000000        0x0 /usr/lib/gcc/arm-none-eabi/4.9.3/../../../arm-none-eabi/lib/armv6-m/libc.a(lib_a-atexit.o)
 .bss           0x0000000000000000        0x0 /usr/lib/gcc/arm-none-eabi/4.9.3/../../../arm-none-eabi/lib/armv6-m/libc.a(lib_a-atexit.o)
 .debug_info    0x0000000000000000      0x10a /usr/lib/gcc/arm-none-eabi/4.9.3/../../../arm-none-eabi/lib/armv6-m/libc.a(lib_a-atexit.o)
 .debug_abbrev  0x0000000000000000       0xb5 /usr/lib/gcc/arm-none-eabi/4.9.3/../../../arm-none-eabi/lib/armv6-m/libc.a(lib_a-atexit.o)
 .debug_loc     0x0000000000000000       0x2c /usr/lib/gcc/arm-none-eabi/4.9.3/../../../arm-none-eabi/lib/armv6-m/libc.a(lib_a-atexit.o)
 .debug_aranges
                0x0000000000000000       0x20 /usr/lib/gcc/arm-none-eabi/4.9.3/../../../arm-none-eabi/lib/armv6-m/libc.a(lib_a-atexit.o)
[...]
Memory Configuration

Name             Origin             Length             Attributes
FLASH            0x0000000008000000 0x0000000000010000 xr
RAM              0x0000000020000000 0x0000000000002000 xrw
*default*        0x0000000000000000 0xffffffffffffffff

Linker script and memory map

LOAD /usr/lib/gcc/arm-none-eabi/4.9.3/armv6-m/crti.o
LOAD /usr/lib/gcc/arm-none-eabi/4.9.3/armv6-m/crtbegin.o
LOAD /usr/lib/gcc/arm-none-eabi/4.9.3/../../../arm-none-eabi/lib/armv6-m/crt0.o
                0x0000000000000000                __HEAP_SIZE = 0x0
                0x0000000000000100                __STACK_SIZE = 0x100
                0x0000000020002000                _estack = 0x20002000
                0x0000000000000000                _Min_Heap_Size = 0x0
                0x0000000000000080                _Min_Stack_Size = 0x80

.isr_vector     0x0000000008000000       0xc4
                0x0000000008000000                . = ALIGN (0x4)
 *(.isr_vector)
 .isr_vector    0x0000000008000000       0xc4 ./obj/startup_stm32f051.o
                0x0000000008000000                g_pfnVectors
                0x00000000080000c4                . = ALIGN (0x4)

.text           0x00000000080000c4      0xb30
                0x00000000080000c4                . = ALIGN (0x4)
 *(.text)
 .text          0x00000000080000c4       0xb4 /usr/lib/gcc/arm-none-eabi/4.9.3/armv6-m/crtbegin.o
 *(.text*)
 .text.atexit   0x0000000008000178       0x10 /usr/lib/gcc/arm-none-eabi/4.9.3/../../../arm-none-eabi/lib/armv6-m/libc.a(lib_a-atexit.o)
                0x0000000008000178                atexit
 .text.__libc_fini_array
                0x0000000008000188       0x34 /usr/lib/gcc/arm-none-eabi/4.9.3/../../../arm-none-eabi/lib/armv6-m/libc.a(lib_a-fini.o)
                0x0000000008000188                __libc_fini_array
 .text.__register_exitproc
                0x00000000080001bc       0xd4 /usr/lib/gcc/arm-none-eabi/4.9.3/../../../arm-none-eabi/lib/armv6-m/libc.a(lib_a-__atexit.o)
                0x00000000080001bc                __register_exitproc
 .text.startup.register_fini
                0x0000000008000290       0x18 /usr/lib/gcc/arm-none-eabi/4.9.3/../../../arm-none-eabi/lib/armv6-m/libc.a(lib_a-__call_atexit.o)
 .text.SystemInit
                0x00000000080002a8       0x8c ./obj/system_stm32f0xx.o
                0x00000000080002a8                SystemInit
 .text.SetSysClock
                0x0000000008000334       0xe0 ./obj/system_stm32f0xx.o
 .text.RCC_HSICmd
                0x0000000008000414       0x38 ./obj/stm32f0xx_rcc.o
                0x0000000008000414                RCC_HSICmd
 .text.RCC_SYSCLKConfig
                0x000000000800044c       0x34 ./obj/stm32f0xx_rcc.o
                0x000000000800044c                RCC_SYSCLKConfig
 .text.RCC_AHBPeriphClockCmd
                0x0000000008000480       0x3c ./obj/stm32f0xx_rcc.o
                0x0000000008000480                RCC_AHBPeriphClockCmd
 .text.RCC_APB1PeriphClockCmd
                0x00000000080004bc       0x3c ./obj/stm32f0xx_rcc.o
                0x00000000080004bc                RCC_APB1PeriphClockCmd
 .text.RCC_GetFlagStatus
                0x00000000080004f8       0x94 ./obj/stm32f0xx_rcc.o
                0x00000000080004f8                RCC_GetFlagStatus
 .text.GPIO_Init
                0x000000000800058c      0x124 ./obj/stm32f0xx_gpio.o
                0x000000000800058c                GPIO_Init
 .text.GPIO_SetBits
                0x00000000080006b0       0x1c ./obj/stm32f0xx_gpio.o
                0x00000000080006b0                GPIO_SetBits
 .text.GPIO_ResetBits
                0x00000000080006cc       0x1c ./obj/stm32f0xx_gpio.o
                0x00000000080006cc                GPIO_ResetBits
 .text.NVIC_Init
                0x00000000080006e8       0xa8 ./obj/stm32f0xx_misc.o
                0x00000000080006e8                NVIC_Init
 .text.TIM_TimeBaseInit
                0x0000000008000790       0xf0 ./obj/stm32f0xx_tim.o
                0x0000000008000790                TIM_TimeBaseInit
 .text.TIM_Cmd  0x0000000008000880       0x40 ./obj/stm32f0xx_tim.o
                0x0000000008000880                TIM_Cmd
 .text.TIM_ITConfig
                0x00000000080008c0       0x50 ./obj/stm32f0xx_tim.o
                0x00000000080008c0                TIM_ITConfig
 .text.TIM_GetITStatus
                0x0000000008000910       0x80 ./obj/stm32f0xx_tim.o
                0x0000000008000910                TIM_GetITStatus
 .text.TIM_ClearITPendingBit
                0x0000000008000990       0x20 ./obj/stm32f0xx_tim.o
                0x0000000008000990                TIM_ClearITPendingBit
 .text.gpio_init
                0x00000000080009b0       0x50 ./obj/main.o
                0x00000000080009b0                gpio_init
 .text.timer_init
                0x0000000008000a00       0x84 ./obj/main.o
                0x0000000008000a00                timer_init
 .text.clk_init
                0x0000000008000a84       0x24 ./obj/main.o
                0x0000000008000a84                clk_init
 .text.delay_ms
                0x0000000008000aa8       0x28 ./obj/main.o
                0x0000000008000aa8                delay_ms
 .text.main     0x0000000008000ad0       0x40 ./obj/main.o
                0x0000000008000ad0                main
 .text.TIM3_IRQHandler
                0x0000000008000b10       0x34 ./obj/main.o
                0x0000000008000b10                TIM3_IRQHandler
 .text.NMI_Handler
                0x0000000008000b44        0x8 ./obj/stm32f0xx_it.o
                0x0000000008000b44                NMI_Handler
 .text.HardFault_Handler
                0x0000000008000b4c        0x8 ./obj/stm32f0xx_it.o
                0x0000000008000b4c                HardFault_Handler
 .text.SVC_Handler
                0x0000000008000b54        0x8 ./obj/stm32f0xx_it.o
                0x0000000008000b54                SVC_Handler
 .text.PendSV_Handler
                0x0000000008000b5c        0x8 ./obj/stm32f0xx_it.o
                0x0000000008000b5c                PendSV_Handler
 .text.SysTick_Handler
                0x0000000008000b64        0x8 ./obj/stm32f0xx_it.o
                0x0000000008000b64                SysTick_Handler
 .text.Reset_Handler
                0x0000000008000b6c       0x6c ./obj/startup_stm32f051.o
                0x0000000008000b6c                Reset_Handler
 .text.Default_Handler
                0x0000000008000bd8        0x2 ./obj/startup_stm32f051.o
                0x0000000008000bd8                TIM1_CC_IRQHandler
                0x0000000008000bd8                ADC1_COMP_IRQHandler
                0x0000000008000bd8                PVD_IRQHandler
                0x0000000008000bd8                I2C1_IRQHandler
                0x0000000008000bd8                SPI1_IRQHandler
                0x0000000008000bd8                TIM6_DAC_IRQHandler
                0x0000000008000bd8                EXTI2_3_IRQHandler
                0x0000000008000bd8                I2C2_IRQHandler
                0x0000000008000bd8                TIM17_IRQHandler
                0x0000000008000bd8                RTC_IRQHandler
                0x0000000008000bd8                TIM16_IRQHandler
                0x0000000008000bd8                EXTI4_15_IRQHandler
                0x0000000008000bd8                RCC_IRQHandler
                0x0000000008000bd8                DMA1_Channel1_IRQHandler
                0x0000000008000bd8                Default_Handler
                0x0000000008000bd8                CEC_IRQHandler
                0x0000000008000bd8                TIM14_IRQHandler
                0x0000000008000bd8                DMA1_Channel4_5_IRQHandler
                0x0000000008000bd8                TIM15_IRQHandler
                0x0000000008000bd8                EXTI0_1_IRQHandler
                0x0000000008000bd8                SPI2_IRQHandler
                0x0000000008000bd8                TS_IRQHandler
                0x0000000008000bd8                WWDG_IRQHandler
                0x0000000008000bd8                TIM2_IRQHandler
                0x0000000008000bd8                DMA1_Channel2_3_IRQHandler
                0x0000000008000bd8                USART2_IRQHandler
                0x0000000008000bd8                FLASH_IRQHandler
                0x0000000008000bd8                USART1_IRQHandler
                0x0000000008000bd8                TIM1_BRK_UP_TRG_COM_IRQHandler
 *(.glue_7)
 .glue_7        0x0000000008000bda        0x0 linker stubs
 *(.glue_7t)
 .glue_7t       0x0000000008000bda        0x0 linker stubs
 *(.eh_frame)
 *fill*         0x0000000008000bda        0x2 
 .eh_frame      0x0000000008000bdc        0x0 /usr/lib/gcc/arm-none-eabi/4.9.3/armv6-m/crtbegin.o
 *(.init)
 .init          0x0000000008000bdc        0x4 /usr/lib/gcc/arm-none-eabi/4.9.3/armv6-m/crti.o
                0x0000000008000bdc                _init
 .init          0x0000000008000be0        0x8 /usr/lib/gcc/arm-none-eabi/4.9.3/armv6-m/crtn.o
 *(.fini)
 .fini          0x0000000008000be8        0x4 /usr/lib/gcc/arm-none-eabi/4.9.3/armv6-m/crti.o
                0x0000000008000be8                _fini
 .fini          0x0000000008000bec        0x8 /usr/lib/gcc/arm-none-eabi/4.9.3/armv6-m/crtn.o
                0x0000000008000bf4                . = ALIGN (0x4)
                0x0000000008000bf4                _etext = .

.vfp11_veneer   0x0000000008000bf4        0x0
 .vfp11_veneer  0x0000000008000bf4        0x0 linker stubs

.v4_bx          0x0000000008000bf4        0x0
 .v4_bx         0x0000000008000bf4        0x0 linker stubs

.iplt           0x0000000008000bf4        0x0
 .iplt          0x0000000008000bf4        0x0 /usr/lib/gcc/arm-none-eabi/4.9.3/armv6-m/crtbegin.o

.rodata         0x0000000008000bf4        0x8
                0x0000000008000bf4                . = ALIGN (0x4)
 *(.rodata)
 *(.rodata*)
 .rodata.str1.4
                0x0000000008000bf4        0x4 /usr/lib/gcc/arm-none-eabi/4.9.3/../../../arm-none-eabi/lib/armv6-m/libc.a(lib_a-impure.o)
 .rodata._global_impure_ptr
                0x0000000008000bf8        0x4 /usr/lib/gcc/arm-none-eabi/4.9.3/../../../arm-none-eabi/lib/armv6-m/libc.a(lib_a-impure.o)
                0x0000000008000bf8                _global_impure_ptr
                0x0000000008000bfc                . = ALIGN (0x4)

.rel.dyn        0x0000000008000bfc        0x0
 .rel.iplt      0x0000000008000bfc        0x0 /usr/lib/gcc/arm-none-eabi/4.9.3/armv6-m/crtbegin.o

.ARM.extab
 *(.ARM.extab* .gnu.linkonce.armextab.*)

.ARM            0x0000000008000bfc        0x0
                0x0000000008000bfc                __exidx_start = .
 *(.ARM.exidx*)
                0x0000000008000bfc                __exidx_end = .

.preinit_array  0x0000000008000bfc        0x0
                0x0000000008000bfc                PROVIDE (__preinit_array_start, .)
 *(.preinit_array*)
                0x0000000008000bfc                PROVIDE (__preinit_array_end, .)

.init_array     0x0000000008000bfc        0x8
                0x0000000008000bfc                PROVIDE (__init_array_start, .)
 *(SORT(.init_array.*))
 .init_array.00000
                0x0000000008000bfc        0x4 /usr/lib/gcc/arm-none-eabi/4.9.3/../../../arm-none-eabi/lib/armv6-m/libc.a(lib_a-__call_atexit.o)
 *(.init_array*)
 .init_array    0x0000000008000c00        0x4 /usr/lib/gcc/arm-none-eabi/4.9.3/armv6-m/crtbegin.o
                0x0000000008000c04                PROVIDE (__init_array_end, .)

.fini_array     0x0000000008000c04        0x4
                0x0000000008000c04                PROVIDE (__fini_array_start, .)
 *(SORT(.fini_array.*))
 *(.fini_array*)
 .fini_array    0x0000000008000c04        0x4 /usr/lib/gcc/arm-none-eabi/4.9.3/armv6-m/crtbegin.o
                0x0000000008000c08                PROVIDE (__fini_array_end, .)
                0x0000000008000c08                _sidata = LOADADDR (.data)

.data           0x0000000020000000      0x428 load address 0x0000000008000c08
                0x0000000020000000                . = ALIGN (0x4)
                0x0000000020000000                _sdata = .
 *(.data)
 *(.data*)
 .data.impure_data
                0x0000000020000000      0x428 /usr/lib/gcc/arm-none-eabi/4.9.3/../../../arm-none-eabi/lib/armv6-m/libc.a(lib_a-impure.o)
                0x0000000020000428                . = ALIGN (0x4)
                0x0000000020000428                _edata = .

.jcr            0x0000000020000428        0x0 load address 0x0000000008001030
 .jcr           0x0000000020000428        0x0 /usr/lib/gcc/arm-none-eabi/4.9.3/armv6-m/crtbegin.o

.tm_clone_table
                0x0000000020000428        0x0 load address 0x0000000008001030
 .tm_clone_table
                0x0000000020000428        0x0 /usr/lib/gcc/arm-none-eabi/4.9.3/armv6-m/crtbegin.o
 .tm_clone_table
                0x0000000020000428        0x0 /usr/lib/gcc/arm-none-eabi/4.9.3/armv6-m/crtend.o

.igot.plt       0x0000000020000428        0x0 load address 0x0000000008001030
 .igot.plt      0x0000000020000428        0x0 /usr/lib/gcc/arm-none-eabi/4.9.3/armv6-m/crtbegin.o
                0x0000000020000428                . = ALIGN (0x4)

.bss            0x0000000020000428       0x20 load address 0x0000000008001030
                0x0000000020000428                _sbss = .
                0x0000000020000428                __bss_start__ = _sbss
 *(.bss)
 .bss           0x0000000020000428       0x1c /usr/lib/gcc/arm-none-eabi/4.9.3/armv6-m/crtbegin.o
 *(.bss*)
 .bss.runtime   0x0000000020000444        0x4 ./obj/main.o
 *(COMMON)
                0x0000000020000448                . = ALIGN (0x4)
                0x0000000020000448                _ebss = .
                0x0000000020000448                __bss_end__ = _ebss

._user_heap_stack
                0x0000000020000448       0x80 load address 0x0000000008001030
                0x0000000020000448                . = ALIGN (0x4)
                [!provide]                        PROVIDE (end, .)
                [!provide]                        PROVIDE (_end, .)
                0x0000000020000448                . = (. + _Min_Heap_Size)
                0x00000000200004c8                . = (. + _Min_Stack_Size)
 *fill*         0x0000000020000448       0x80 
                0x00000000200004c8                . = ALIGN (0x4)

/DISCARD/
 libc.a(*)
 libm.a(*)
 libgcc.a(*)

.ARM.attributes
                0x0000000000000000       0x28
 *(.ARM.attributes)
 .ARM.attributes
                0x0000000000000000       0x1e /usr/lib/gcc/arm-none-eabi/4.9.3/armv6-m/crti.o
 .ARM.attributes
                0x000000000000001e       0x2c /usr/lib/gcc/arm-none-eabi/4.9.3/armv6-m/crtbegin.o
 .ARM.attributes
                0x000000000000004a       0x31 ./obj/system_stm32f0xx.o
 .ARM.attributes
                0x000000000000007b       0x31 ./obj/stm32f0xx_rcc.o
 .ARM.attributes
                0x00000000000000ac       0x31 ./obj/stm32f0xx_gpio.o
 .ARM.attributes
                0x00000000000000dd       0x31 ./obj/stm32f0xx_misc.o
 .ARM.attributes
                0x000000000000010e       0x31 ./obj/stm32f0xx_tim.o
 .ARM.attributes
                0x000000000000013f       0x31 ./obj/main.o
 .ARM.attributes
                0x0000000000000170       0x31 ./obj/stm32f0xx_it.o
 .ARM.attributes
                0x00000000000001a1       0x21 ./obj/startup_stm32f051.o
 .ARM.attributes
                0x00000000000001c2       0x2c /usr/lib/gcc/arm-none-eabi/4.9.3/armv6-m/crtend.o
 .ARM.attributes
                0x00000000000001ee       0x1e /usr/lib/gcc/arm-none-eabi/4.9.3/armv6-m/crtn.o
LOAD ./obj/system_stm32f0xx.o
LOAD ./obj/stm32f0xx_adc.o
LOAD ./obj/stm32f0xx_comp.o
LOAD ./obj/stm32f0xx_dac.o
LOAD ./obj/stm32f0xx_exti.o
LOAD ./obj/stm32f0xx_i2c.o
LOAD ./obj/stm32f0xx_pwr.o
LOAD ./obj/stm32f0xx_spi.o
LOAD ./obj/stm32f0xx_usart.o
LOAD ./obj/stm32f0xx_can.o
LOAD ./obj/stm32f0xx_crc.o
LOAD ./obj/stm32f0xx_dbgmcu.o
LOAD ./obj/stm32f0xx_flash.o
LOAD ./obj/stm32f0xx_iwdg.o
LOAD ./obj/stm32f0xx_rcc.o
LOAD ./obj/stm32f0xx_syscfg.o
LOAD ./obj/stm32f0xx_wwdg.o
LOAD ./obj/stm32f0xx_cec.o
LOAD ./obj/stm32f0xx_crs.o
LOAD ./obj/stm32f0xx_dma.o
LOAD ./obj/stm32f0xx_gpio.o
LOAD ./obj/stm32f0xx_misc.o
LOAD ./obj/stm32f0xx_rtc.o
LOAD ./obj/stm32f0xx_tim.o
LOAD ./obj/main.o
LOAD ./obj/stm32f0xx_it.o
LOAD ./obj/startup_stm32f051.o
START GROUP
LOAD /usr/lib/gcc/arm-none-eabi/4.9.3/armv6-m/libgcc.a
LOAD /usr/lib/gcc/arm-none-eabi/4.9.3/../../../arm-none-eabi/lib/armv6-m/libc_nano.a
END GROUP
START GROUP
LOAD /usr/lib/gcc/arm-none-eabi/4.9.3/armv6-m/libgcc.a
LOAD /usr/lib/gcc/arm-none-eabi/4.9.3/../../../arm-none-eabi/lib/armv6-m/libc_nano.a
LOAD /usr/lib/gcc/arm-none-eabi/4.9.3/../../../arm-none-eabi/lib/armv6-m/libnosys.a
END GROUP
START GROUP
LOAD /usr/lib/gcc/arm-none-eabi/4.9.3/armv6-m/libgcc.a
LOAD /usr/lib/gcc/arm-none-eabi/4.9.3/../../../arm-none-eabi/lib/armv6-m/libc_nano.a
LOAD /usr/lib/gcc/arm-none-eabi/4.9.3/../../../arm-none-eabi/lib/armv6-m/libnosys.a
END GROUP
LOAD /usr/lib/gcc/arm-none-eabi/4.9.3/armv6-m/crtend.o
LOAD /usr/lib/gcc/arm-none-eabi/4.9.3/armv6-m/crtn.o
OUTPUT(bin/ec_drive.elf elf32-littlearm)

.comment        0x0000000000000000       0x38
 .comment       0x0000000000000000       0x38 /usr/lib/gcc/arm-none-eabi/4.9.3/armv6-m/crtbegin.o
                                         0x39 (size before relaxing)
 .comment       0x0000000000000038       0x39 ./obj/system_stm32f0xx.o
 .comment       0x0000000000000038       0x39 ./obj/stm32f0xx_rcc.o
 .comment       0x0000000000000038       0x39 ./obj/stm32f0xx_gpio.o
 .comment       0x0000000000000038       0x39 ./obj/stm32f0xx_misc.o
 .comment       0x0000000000000038       0x39 ./obj/stm32f0xx_tim.o
 .comment       0x0000000000000038       0x39 ./obj/main.o
 .comment       0x0000000000000038       0x39 ./obj/stm32f0xx_it.o
 .comment       0x0000000000000038       0x39 /usr/lib/gcc/arm-none-eabi/4.9.3/armv6-m/crtend.o

.debug_info     0x0000000000000000     0x3b56
 .debug_info    0x0000000000000000      0x2f3 ./obj/system_stm32f0xx.o
 .debug_info    0x00000000000002f3      0xa2c ./obj/stm32f0xx_rcc.o
 .debug_info    0x0000000000000d1f      0x5d3 ./obj/stm32f0xx_gpio.o
 .debug_info    0x00000000000012f2      0x36e ./obj/stm32f0xx_misc.o
 .debug_info    0x0000000000001660     0x1c6f ./obj/stm32f0xx_tim.o
 .debug_info    0x00000000000032cf      0x6d9 ./obj/main.o
 .debug_info    0x00000000000039a8       0xc8 ./obj/stm32f0xx_it.o
 .debug_info    0x0000000000003a70       0xe6 ./obj/startup_stm32f051.o

.debug_abbrev   0x0000000000000000      0x95a
 .debug_abbrev  0x0000000000000000      0x136 ./obj/system_stm32f0xx.o
 .debug_abbrev  0x0000000000000136      0x1ee ./obj/stm32f0xx_rcc.o
 .debug_abbrev  0x0000000000000324      0x19d ./obj/stm32f0xx_gpio.o
 .debug_abbrev  0x00000000000004c1      0x145 ./obj/stm32f0xx_misc.o
 .debug_abbrev  0x0000000000000606      0x18e ./obj/stm32f0xx_tim.o
 .debug_abbrev  0x0000000000000794      0x172 ./obj/main.o
 .debug_abbrev  0x0000000000000906       0x42 ./obj/stm32f0xx_it.o
 .debug_abbrev  0x0000000000000948       0x12 ./obj/startup_stm32f051.o

.debug_aranges  0x0000000000000000      0x5f0
 .debug_aranges
                0x0000000000000000       0x30 ./obj/system_stm32f0xx.o
 .debug_aranges
                0x0000000000000030      0x160 ./obj/stm32f0xx_rcc.o
 .debug_aranges
                0x0000000000000190       0x80 ./obj/stm32f0xx_gpio.o
 .debug_aranges
                0x0000000000000210       0x30 ./obj/stm32f0xx_misc.o
 .debug_aranges
                0x0000000000000240      0x300 ./obj/stm32f0xx_tim.o
 .debug_aranges
                0x0000000000000540       0x48 ./obj/main.o
 .debug_aranges
                0x0000000000000588       0x40 ./obj/stm32f0xx_it.o
 .debug_aranges
                0x00000000000005c8       0x28 ./obj/startup_stm32f051.o

.debug_ranges   0x0000000000000000      0x578
 .debug_ranges  0x0000000000000000       0x20 ./obj/system_stm32f0xx.o
 .debug_ranges  0x0000000000000020      0x150 ./obj/stm32f0xx_rcc.o
 .debug_ranges  0x0000000000000170       0x70 ./obj/stm32f0xx_gpio.o
 .debug_ranges  0x00000000000001e0       0x20 ./obj/stm32f0xx_misc.o
 .debug_ranges  0x0000000000000200      0x2f0 ./obj/stm32f0xx_tim.o
 .debug_ranges  0x00000000000004f0       0x38 ./obj/main.o
 .debug_ranges  0x0000000000000528       0x30 ./obj/stm32f0xx_it.o
 .debug_ranges  0x0000000000000558       0x20 ./obj/startup_stm32f051.o

.debug_line     0x0000000000000000     0x1b1b
 .debug_line    0x0000000000000000      0x1b3 ./obj/system_stm32f0xx.o
 .debug_line    0x00000000000001b3      0x57c ./obj/stm32f0xx_rcc.o
 .debug_line    0x000000000000072f      0x316 ./obj/stm32f0xx_gpio.o
 .debug_line    0x0000000000000a45      0x27e ./obj/stm32f0xx_misc.o
 .debug_line    0x0000000000000cc3      0xa59 ./obj/stm32f0xx_tim.o
 .debug_line    0x000000000000171c      0x247 ./obj/main.o
 .debug_line    0x0000000000001963       0xb6 ./obj/stm32f0xx_it.o
 .debug_line    0x0000000000001a19      0x102 ./obj/startup_stm32f051.o

.debug_str      0x0000000000000000     0x1b95
 .debug_str     0x0000000000000000      0x264 ./obj/system_stm32f0xx.o
                                        0x2cb (size before relaxing)
 .debug_str     0x0000000000000264      0x59e ./obj/stm32f0xx_rcc.o
                                        0x7f8 (size before relaxing)
 .debug_str     0x0000000000000802      0x35a ./obj/stm32f0xx_gpio.o
                                        0x4f6 (size before relaxing)
 .debug_str     0x0000000000000b5c      0x1a1 ./obj/stm32f0xx_misc.o
                                        0x360 (size before relaxing)
 .debug_str     0x0000000000000cfd      0xbf4 ./obj/stm32f0xx_tim.o
                                        0xe48 (size before relaxing)
 .debug_str     0x00000000000018f1      0x21d ./obj/main.o
                                        0x6db (size before relaxing)
 .debug_str     0x0000000000001b0e       0x87 ./obj/stm32f0xx_it.o
                                        0x1d0 (size before relaxing)

.debug_frame    0x0000000000000000     0x14c0
 .debug_frame   0x0000000000000000       0x6c ./obj/system_stm32f0xx.o
 .debug_frame   0x000000000000006c      0x524 ./obj/stm32f0xx_rcc.o
 .debug_frame   0x0000000000000590      0x1b0 ./obj/stm32f0xx_gpio.o
 .debug_frame   0x0000000000000740       0x70 ./obj/stm32f0xx_misc.o
 .debug_frame   0x00000000000007b0      0xbb0 ./obj/stm32f0xx_tim.o
 .debug_frame   0x0000000000001360       0xc4 ./obj/main.o
 .debug_frame   0x0000000000001424       0x9c ./obj/stm32f0xx_it.o
